Turbo Assembler	 Version 4.1	    02/16/19 17:41:41	    Page 1
code.asm



      1	0000			     .model tiny
      2	0000			     .code
      3
      4				     org 100h
      5
      6
      7	0100  BB 002D		     start: mov	bx, 45 ; put some number to register
      8	0103  8B C3			    mov	ax, bx
      9	0105  B2 0A			    mov	dl, 10 ; put 16	to divisor
     10
     11	0107  F6 F2		     division: div dl
     12	0109  80 FC 0A			       cmp ah, 10
     13	010C  73 06			       jae print_10
     14	010E  80 C4 30			       add ah, '0' ; number to ascii
     15	0111  EB 09 90			       jmp after_10_write
     16
     17	0114			     print_10:
     18	0114  B2 01			     mov dl, 1
     19	0116  B4 02			     mov ah, 2
     20	0118  CD 21			     int 21h
     21	011A  B4 01			      mov ah, 1
     22
     23	011C				     after_10_write:
     24	011C  8A D4			       mov dl, ah  ; number to print
     25	011E  8A F0			       mov dh, al
     26
     27	0120  B4 02			       mov ah, 2    ;  printing
     28	0122  CD 21			       int 21h	     ; printing
     29
     30	0124  B2 0A			       mov dl, 10 ; put	2 as divider
     31
     32	0126  B4 00			       mov ah, 0 ; remained part to 0
     33	0128  8A C6			       mov al, dh ; put	quotient to ax
     34	012A  3C 00			       cmp al, 0 ; if =	0 go out of function
     35	012C  75 D9			      jne division
     36
     37
     38	012E  B8 4C00			    mov	ax, 4c00h
     39
     40	0131  CD 21			    int	21h
     41
     42				     end start
Turbo Assembler	 Version 4.1	    02/16/19 17:41:41	    Page 2
Symbol Table




Symbol Name			  Type	 Value

??DATE				  Text	 "02/16/19"
??FILENAME			  Text	 "code	  "
??TIME				  Text	 "17:41:41"
??VERSION			  Number 040A
@32BIT				  Text	 0
@CODE				  Text	 DGROUP
@CODESIZE			  Text	 0
@CPU				  Text	 0101H
@CURSEG				  Text	 _TEXT
@DATA				  Text	 DGROUP
@DATASIZE			  Text	 0
@FILENAME			  Text	 CODE
@INTERFACE			  Text	 000H
@MODEL				  Text	 1
@STACK				  Text	 DGROUP
@WORDSIZE			  Text	 2
AFTER_10_WRITE			  Near	 DGROUP:011C
DIVISION			  Near	 DGROUP:0107
PRINT_10			  Near	 DGROUP:0114
START				  Near	 DGROUP:0100

Groups & Segments		  Bit Size Align  Combine Class

DGROUP				  Group
  _DATA				  16  0000 Word	  Public  DATA
  _TEXT				  16  0133 Word	  Public  CODE
